10:00:12 **** Build of configuration Debug for project 16550_test ****
make pre-build main-build 
a9-linaro-pre-build-step
 
Building file: ../src/helloworld.c
Invoking: ARM v7 gcc compiler
arm-none-eabi-gcc -Wall -O0 -g3 -c -fmessage-length=0 -MT"src/helloworld.o" -mcpu=cortex-a9 -mfpu=vfpv3 -mfloat-abi=hard -I../../16550_test_bsp/ps7_cortexa9_0/include -MMD -MP -MF"src/helloworld.d" -MT"src/helloworld.o" -o "src/helloworld.o" "../src/helloworld.c"
../src/helloworld.c: In function 'xuartns550_test':
../src/helloworld.c:130:10: warning: 'return' with a value, in function returning void
   return Status;
          ^~~~~~
../src/helloworld.c:121:6: note: declared here
 void xuartns550_test()
      ^~~~~~~~~~~~~~~
../src/helloworld.c:140:11: warning: implicit declaration of function 'XUartNs550_SetBaudRate'; did you mean 'XUartNs550_SetBaud'? [-Wimplicit-function-declaration]
  Status = XUartNs550_SetBaudRate(UartNs550InstancePtr, 230400);
           ^~~~~~~~~~~~~~~~~~~~~~
           XUartNs550_SetBaud
../src/helloworld.c:143:10: warning: 'return' with a value, in function returning void
   return Status;
          ^~~~~~
../src/helloworld.c:121:6: note: declared here
 void xuartns550_test()
      ^~~~~~~~~~~~~~~
../src/helloworld.c:160:10: warning: pointer targets in passing argument 2 of 'XUartNs550_Send' differ in signedness [-Wpointer-sign]
          send_ptr,
          ^~~~~~~~
In file included from ../src/helloworld.c:52:0:
../../16550_test_bsp/ps7_cortexa9_0/include/xuartns550.h:415:14: note: expected 'u8 * {aka unsigned char *}' but argument is of type 'char *'
 unsigned int XUartNs550_Send(XUartNs550 *InstancePtr, u8 *BufferPtr,
              ^~~~~~~~~~~~~~~
../src/helloworld.c:164:3: warning: implicit declaration of function 'sleep'; did you mean 'strsep'? [-Wimplicit-function-declaration]
   sleep(1);
   ^~~~~
   strsep
../src/helloworld.c:167:9: warning: pointer targets in passing argument 2 of 'XUartNs550_Recv' differ in signedness [-Wpointer-sign]
         recv_buf,
         ^~~~~~~~
In file included from ../src/helloworld.c:52:0:
../../16550_test_bsp/ps7_cortexa9_0/include/xuartns550.h:417:14: note: expected 'u8 * {aka unsigned char *}' but argument is of type 'char *'
 unsigned int XUartNs550_Recv(XUartNs550 *InstancePtr, u8 *BufferPtr,
              ^~~~~~~~~~~~~~~
../src/helloworld.c:126:6: warning: unused variable 'i' [-Wunused-variable]
  int i;
      ^
../src/helloworld.c: In function 'main':
../src/helloworld.c:181:6: warning: variable 'regVal' set but not used [-Wunused-but-set-variable]
  int regVal;
      ^~~~~~
Finished building: ../src/helloworld.c
 
Building file: ../src/platform.c
Invoking: ARM v7 gcc compiler
arm-none-eabi-gcc -Wall -O0 -g3 -c -fmessage-length=0 -MT"src/platform.o" -mcpu=cortex-a9 -mfpu=vfpv3 -mfloat-abi=hard -I../../16550_test_bsp/ps7_cortexa9_0/include -MMD -MP -MF"src/platform.d" -MT"src/platform.o" -o "src/platform.o" "../src/platform.c"
Finished building: ../src/platform.c
 
Building target: 16550_test.elf
Invoking: ARM v7 gcc linker
arm-none-eabi-gcc -mcpu=cortex-a9 -mfpu=vfpv3 -mfloat-abi=hard -Wl,-build-id=none -specs=Xilinx.spec -Wl,-T -Wl,../src/lscript.ld -L../../16550_test_bsp/ps7_cortexa9_0/lib -o "16550_test.elf"  ./src/helloworld.o ./src/platform.o   -Wl,--start-group,-lxil,-lgcc,-lc,--end-group
Finished building target: 16550_test.elf
 
Invoking: ARM v7 Print Size
arm-none-eabi-size 16550_test.elf  |tee "16550_test.elf.size"
   text	   data	    bss	    dec	    hex	filename
  79452	   3652	  23600	 106704	  1a0d0	16550_test.elf
Finished building: 16550_test.elf.size
 

10:00:13 Build Finished (took 933ms)

